{
  "5243611": {
    "_index": "pelias",
    "_id": "5243611",
    "_type": "osmway",
    "data": {
      "name": {
        "default": "Matiu/Somes Island"
      },
      "address": {},
      "center_point": {
        "lon": 174.864429,
        "lat": -41.257709
      },
      "category": [],
      "suggest": {
        "input": [
          "matiu/somes island"
        ],
        "output": "osmway:5243611",
        "weight": 6
      }
    }
  },
  "51378631": {
    "_index": "pelias",
    "_id": "51378631",
    "_type": "osmway",
    "data": {
      "name": {
        "default": "former quarantine facilities"
      },
      "address": {},
      "center_point": {
        "lon": 174.865636,
        "lat": -41.257139
      },
      "category": [],
      "suggest": {
        "input": [
          "former quarantine facilities"
        ],
        "output": "osmway:51378631",
        "weight": 6
      }
    }
  },
  "51378696": {
    "_index": "pelias",
    "_id": "51378696",
    "_type": "osmway",
    "data": {
      "name": {
        "default": "tree nursery"
      },
      "address": {},
      "center_point": {
        "lon": 174.865947,
        "lat": -41.255644
      },
      "category": [],
      "suggest": {
        "input": [
          "tree nursery"
        ],
        "output": "osmway:51378696",
        "weight": 6
      }
    }
  },
  "655842483": {
    "_index": "pelias",
    "_id": "655842483",
    "_type": "osmnode",
    "data": {
      "name": {
        "default": "gun emplacement"
      },
      "address": {},
      "center_point": {
        "lon": 174.866331,
        "lat": -41.259892
      },
      "category": [],
      "suggest": {
        "input": [
          "gun emplacement"
        ],
        "output": "osmnode:655842483",
        "weight": 6
      }
    }
  },
  "655842883": {
    "_index": "pelias",
    "_id": "655842883",
    "_type": "osmnode",
    "data": {
      "name": {
        "default": "gun emplacement"
      },
      "address": {},
      "center_point": {
        "lon": 174.866316,
        "lat": -41.259645
      },
      "category": [],
      "suggest": {
        "input": [
          "gun emplacement"
        ],
        "output": "osmnode:655842883",
        "weight": 6
      }
    }
  },
  "655856536": {
    "_index": "pelias",
    "_id": "655856536",
    "_type": "osmnode",
    "data": {
      "name": {
        "default": "Matiu/Somes Island DOC campsite"
      },
      "address": {},
      "center_point": {
        "lon": 174.865531,
        "lat": -41.257945
      },
      "category": [],
      "suggest": {
        "input": [
          "matiu/somes island doc campsite"
        ],
        "output": "osmnode:655856536",
        "weight": 6
      }
    }
  },
  "714117269": {
    "_index": "pelias",
    "_id": "714117269",
    "_type": "osmnode",
    "data": {
      "name": {
        "default": "gun emplacement"
      },
      "address": {},
      "center_point": {
        "lon": 174.866258,
        "lat": -41.260147
      },
      "category": [],
      "suggest": {
        "input": [
          "gun emplacement"
        ],
        "output": "osmnode:714117269",
        "weight": 6
      }
    }
  },
  "714117278": {
    "_index": "pelias",
    "_id": "714117278",
    "_type": "osmnode",
    "data": {
      "name": {
        "default": "gun emplacement"
      },
      "address": {},
      "center_point": {
        "lon": 174.866193,
        "lat": -41.259404
      },
      "category": [],
      "suggest": {
        "input": [
          "gun emplacement"
        ],
        "output": "osmnode:714117278",
        "weight": 6
      }
    }
  },
  "2011810388": {
    "_index": "pelias",
    "_id": "2011810388",
    "_type": "osmnode",
    "data": {
      "name": {
        "default": "SOMES ISLAND NO 2"
      },
      "address": {},
      "center_point": {
        "lon": 174.866154,
        "lat": -41.259048
      },
      "category": [],
      "suggest": {
        "input": [
          "somes island no 2"
        ],
        "output": "osmnode:2011810388",
        "weight": 6
      }
    }
  }
}